
> tbf-system@0.1.0 build
> prisma generate && next build

node.exe : warn The co
nfiguration property `
package.json#prisma` i
s deprecated and will 
be removed in Prisma 7
. Please migrate to a 
Prisma config file (e.
g., `prisma.config.ts`
).
At line:1 char:1
+ & "C:\Program Files\
nodejs/node.exe" "C:\P
rogram Files\nodejs/no
de_mo ...
+ ~~~~~~~~~~~~~~~~~~~~
~~~~~~~~~~~~~~~~~~~~~~
~~~~~~~~~~~~~~~~~~~~~~
~~~~~
    + CategoryInfo    
          : NotSpeci  
  fied: (warn The c   
 onfig...ma.config    
.ts`).:String) []    ,
 RemoteException
    + FullyQualifiedE 
   rrorId : NativeCo  
  mmandError
 
For more information, 
see: https://pris.ly/p
risma-config

Environment variables 
loaded from .env
Prisma schema loaded from prisma\schema.prisma

Ô£ö Generated Prisma Client (v6.19.2) to .\node_modules\@prisma\client in 114ms

Start by importing your Prisma Client (See: https://pris.ly/d/importing-client)

Tip: Interested in query caching in just a few lines of code? Try Accelerate today! https://pris.ly/tip-3-accelerate

Ôû▓ Next.js 16.1.6 (Turbopack)
- Environments: .env

ÔÜá The "middleware" f
ile convention is depr
ecated. Please use "pr
oxy" instead. Learn mo
re: https://nextjs.org
/docs/messages/middlew
are-to-proxy
  Creating an optimized production build ...

> Build error occurred
Error: Turbopack build
 failed with 1 errors:
./node_modules/unzippe
r/lib/Open/index.js:98
:53
Module not found: Can'
t resolve '@aws-sdk/cl
ient-s3'
[0m [90m  96 |[39m 
  s3_v3[33m:[39m [3
6mfunction[39m (clien
t[33m,[39m params[3
3m,[39m options) {
 [90m  97 |[39m     
[90m//@ts-ignore[39m
[31m[1m>[22m[39m[
90m  98 |[39m     [3
6mconst[39m { [33mGe
tObjectCommand[39m[3
3m,[39m [33mHeadObje
ctCommand[39m } [33m
=[39m require([32m'@
aws-sdk/client-s3'[39
m)[33m;[39m
 [90m     |[39m     
                      
                      
    [31m[1m^[22m[3
9m[31m[1m^[22m[39m
[31m[1m^[22m[39m[
31m[1m^[22m[39m[31
m[1m^[22m[39m[31m
[1m^[22m[39m[31m[1
m^[22m[39m[31m[1m^
[22m[39m[31m[1m^[
22m[39m[31m[1m^[22
m[39m[31m[1m^[22m
[39m[31m[1m^[22m[3
9m[31m[1m^[22m[39m
[31m[1m^[22m[39m[
31m[1m^[22m[39m[31
m[1m^[22m[39m[31m
[1m^[22m[39m[31m[1
m^[22m[39m[31m[1m^
[22m[39m[31m[1m^[
22m[39m[31m[1m^[22
m[39m[31m[1m^[22m
[39m[31m[1m^[22m[3
9m[31m[1m^[22m[39m
[31m[1m^[22m[39m[
31m[1m^[22m[39m[31
m[1m^[22m[39m[31m
[1m^[22m[39m[31m[1
m^[22m[39m
 [90m  99 |[39m     
[36mconst[39m source
 [33m=[39m {
 [90m 100 |[39m     
  size[33m:[39m [36
masync[39m () [33m=>
[39m {
 [90m 101 |[39m     
    [36mconst[39m he
ad [33m=[39m [36maw
ait[39m client[33m.
[39msend([0m



Import trace:
  App Route:
    ./node_modules/unz
ipper/lib/Open/index.j
s
    ./node_modules/unz
ipper/unzip.js
    ./node_modules/exc
eljs/lib/stream/xlsx/w
orkbook-reader.js
    ./node_modules/exc
eljs/lib/exceljs.nodej
s.js
    ./node_modules/exc
eljs/excel.js
    ./app/admin/availa
bility/export/route.ts

https://nextjs.org/doc
s/messages/module-not-
found


    at <unknown> (http
s://nextjs.org/docs/me
ssages/module-not-foun
d)
